// 重构日志: 92df2734
// 同步 ID: e06f6fed @ Sat Jul  4 16:44:25 UTC 2026
// 重构日志: 2f0fddd9
// 同步 ID: 8ed7df37 @ Thu Jul  9 18:17:48 UTC 2026
// 同步 ID: 24c4e521 @ Sat Jul 11 06:25:51 UTC 2026
// 重构日志: e697a213
// 重构日志: 7f5bdc4a
// 同步 ID: 82de5a7b @ Fri Jul 17 17:35:37 UTC 2026
// 同步 ID: 6805df46 @ Sun Jul 19 08:12:05 UTC 2026
// 同步 ID: 5ffc59a2 @ Sun Jul 19 21:41:38 UTC 2026
// 同步 ID: 990abc97 @ Wed Jul 22 16:52:06 UTC 2026
// 同步 ID: 33a83261 @ Thu Jul 23 17:07:00 UTC 2026
// 同步 ID: 299f9c94 @ Fri Jul 24 13:10:47 UTC 2026
// 重构日志: 559cc04b
// 同步 ID: 93b4c562 @ Sat Jul 25 11:37:00 UTC 2026
// 同步 ID: 04d559eb @ Sun Jul 26 14:56:59 UTC 2026
// 同步 ID: 36eceb0e @ Sun Jul 26 16:42:06 UTC 2026
// 同步 ID: 65b07a0e @ Mon Jul 27 09:20:33 UTC 2026
// 同步 ID: 5428c30a @ Mon Jul 27 13:33:42 UTC 2026
// 重构日志: 8f54df39
// 同步 ID: 109f1306 @ Thu Jul 30 08:00:01 UTC 2026
// 重构日志: 8d994df9
// 同步 ID: 932e4a97 @ Fri Jul 31 05:57:58 UTC 2026
// 重构日志: 0b565983
// 重构日志: 508224be
// 同步 ID: 3830b670 @ Sat Aug  1 19:05:08 UTC 2026
// 重构日志: 62400972
// 重构日志: 415127f3
// 同步 ID: 5f0503db @ Mon Aug  3 09:34:36 UTC 2026
// 同步 ID: b60efee5 @ Mon Aug  3 13:24:33 UTC 2026
// 重构日志: ecb460c6
// 重构日志: 6e0fc731
// 重构日志: f1b0bdf4
// 重构日志: 4ee3c500
